2026-08-31 17:47:16,415 - INFO -  Conexión exitosa a PostgreSQL
2026-08-31 17:47:16,416 - INFO - Generando 200 vehículos...
2026-08-31 17:47:16,439 - INFO -  200 vehículos insertados
2026-08-31 17:47:16,439 - INFO - Generando 400 conductores...
2026-08-31 17:47:16,521 - INFO -  400 conductores insertados
2026-08-31 17:47:16,522 - INFO - Generando 50 rutas...
2026-08-31 17:47:16,526 - INFO -  50 rutas insertadas
2026-08-31 17:47:16,526 - INFO - Generando 100000 viajes...
2026-08-31 17:47:20,342 - INFO -   Progreso: 0/100000 trips insertados
2026-08-31 17:47:21,138 - INFO -   Progreso: 10000/100000 trips insertados
2026-08-31 17:47:21,911 - INFO -   Progreso: 20000/100000 trips insertados
2026-08-31 17:47:22,688 - INFO -   Progreso: 30000/100000 trips insertados
2026-08-31 17:47:23,467 - INFO -   Progreso: 40000/100000 trips insertados
2026-08-31 17:47:24,241 - INFO -   Progreso: 50000/100000 trips insertados
2026-08-31 17:47:25,022 - INFO -   Progreso: 60000/100000 trips insertados
2026-08-31 17:47:25,804 - INFO -   Progreso: 70000/100000 trips insertados
2026-08-31 17:47:26,584 - INFO -   Progreso: 80000/100000 trips insertados
2026-08-31 17:47:27,357 - INFO -   Progreso: 90000/100000 trips insertados
2026-08-31 17:47:28,158 - INFO -  100000 viajes insertados
2026-08-31 17:47:28,168 - INFO - Generando 400000 entregas...
2026-08-31 17:48:25,945 - ERROR -  Error durante la generación: no existe el esquema «np»
LINE 5: ...olina Castro Cuesta', 'Calle 169Z # 40-23, Cali', np.float64...
                                                             ^

2026-08-31 17:48:26,041 - INFO - 
 Conexión cerrada
2026-08-31 17:54:33,021 - INFO -  Conexión exitosa a PostgreSQL
2026-08-31 17:54:33,021 - INFO - Generando 200 vehículos...
2026-08-31 17:54:33,043 - INFO -  200 vehículos insertados
2026-08-31 17:54:33,043 - INFO - Generando 400 conductores...
2026-08-31 17:54:33,125 - INFO -  400 conductores insertados
2026-08-31 17:54:33,125 - INFO - Generando 50 rutas...
2026-08-31 17:54:33,129 - INFO -  50 rutas insertadas
2026-08-31 17:54:33,129 - INFO - Generando 100000 viajes...
2026-08-31 17:54:36,897 - INFO -   Progreso: 0/100000 trips insertados
2026-08-31 17:54:37,673 - INFO -   Progreso: 10000/100000 trips insertados
2026-08-31 17:54:38,448 - INFO -   Progreso: 20000/100000 trips insertados
2026-08-31 17:54:39,221 - INFO -   Progreso: 30000/100000 trips insertados
2026-08-31 17:54:39,996 - INFO -   Progreso: 40000/100000 trips insertados
2026-08-31 17:54:40,774 - INFO -   Progreso: 50000/100000 trips insertados
2026-08-31 17:54:41,557 - INFO -   Progreso: 60000/100000 trips insertados
2026-08-31 17:54:42,341 - INFO -   Progreso: 70000/100000 trips insertados
2026-08-31 17:54:43,109 - INFO -   Progreso: 80000/100000 trips insertados
2026-08-31 17:54:43,880 - INFO -   Progreso: 90000/100000 trips insertados
2026-08-31 17:54:44,574 - INFO -  100000 viajes insertados
2026-08-31 17:54:44,584 - INFO - Generando 400000 entregas...
2026-08-31 17:55:45,438 - ERROR -  Error durante la generación: no existe el esquema «np»
LINE 5: ...olina Castro Cuesta', 'Calle 169Z # 40-23, Cali', np.float64...
                                                             ^

2026-08-31 17:55:45,535 - INFO - 
 Conexión cerrada
2026-08-31 18:00:24,621 - INFO -  Conexión exitosa a PostgreSQL
2026-08-31 18:00:24,621 - INFO - Generando 200 vehículos...
2026-08-31 18:00:24,643 - INFO -  200 vehículos insertados
2026-08-31 18:00:24,644 - INFO - Generando 400 conductores...
2026-08-31 18:00:24,727 - INFO -  400 conductores insertados
2026-08-31 18:00:24,727 - INFO - Generando 50 rutas...
2026-08-31 18:00:24,731 - INFO -  50 rutas insertadas
2026-08-31 18:00:24,731 - INFO - Generando 100000 viajes...
2026-08-31 18:00:28,740 - INFO -   Progreso: 0/100000 trips insertados
2026-08-31 18:00:29,502 - INFO -   Progreso: 10000/100000 trips insertados
2026-08-31 18:00:30,265 - INFO -   Progreso: 20000/100000 trips insertados
2026-08-31 18:00:31,031 - INFO -   Progreso: 30000/100000 trips insertados
2026-08-31 18:00:31,794 - INFO -   Progreso: 40000/100000 trips insertados
2026-08-31 18:00:32,560 - INFO -   Progreso: 50000/100000 trips insertados
2026-08-31 18:00:33,334 - INFO -   Progreso: 60000/100000 trips insertados
2026-08-31 18:00:34,125 - INFO -   Progreso: 70000/100000 trips insertados
2026-08-31 18:00:34,887 - INFO -   Progreso: 80000/100000 trips insertados
2026-08-31 18:00:35,660 - INFO -   Progreso: 90000/100000 trips insertados
2026-08-31 18:00:36,363 - INFO -  100000 viajes insertados
2026-08-31 18:00:36,373 - INFO - Generando 400000 entregas...
2026-08-31 18:01:32,426 - INFO -   Progreso: 0/400000 deliveries insertados
2026-08-31 18:01:36,349 - INFO -   Progreso: 50000/400000 deliveries insertados
2026-08-31 18:01:40,317 - INFO -   Progreso: 100000/400000 deliveries insertados
2026-08-31 18:01:44,201 - INFO -   Progreso: 150000/400000 deliveries insertados
2026-08-31 18:01:48,011 - INFO -   Progreso: 200000/400000 deliveries insertados
2026-08-31 18:01:51,887 - INFO -   Progreso: 250000/400000 deliveries insertados
2026-08-31 18:01:55,658 - INFO -   Progreso: 300000/400000 deliveries insertados
2026-08-31 18:01:59,550 - INFO -   Progreso: 350000/400000 deliveries insertados
2026-08-31 18:02:03,418 - INFO -  400000 entregas insertadas
2026-08-31 18:02:03,508 - INFO - Generando 5000 registros de mantenimiento...
2026-08-31 18:02:04,256 - INFO -  4920 mantenimientos insertados
2026-08-31 18:02:04,257 - INFO - 
 RESUMEN DE GENERACIÓN DE DATOS
2026-08-31 18:02:04,257 - INFO - ==================================================
2026-08-31 18:02:04,258 - INFO -   vehicles: 200 registros
2026-08-31 18:02:04,260 - INFO -   drivers: 400 registros
2026-08-31 18:02:04,261 - INFO -   routes: 48 registros
2026-08-31 18:02:04,265 - INFO -   trips: 100,000 registros
2026-08-31 18:02:04,308 - INFO -   deliveries: 400,000 registros
2026-08-31 18:02:04,309 - INFO -   maintenance: 4,920 registros
2026-08-31 18:02:04,309 - INFO - 
  TOTAL: 505,568 registros
2026-08-31 18:02:04,417 - INFO - 
  Entregas por viaje: AVG=4.0, MIN=1, MAX=6
2026-08-31 18:02:04,417 - INFO - 
 VALIDANDO CALIDAD DE DATOS...
2026-08-31 18:02:04,429 - INFO -    Integridad referencial - Trips sin vehículo válido: OK
2026-08-31 18:02:04,488 - INFO -    Integridad referencial - Deliveries sin trip válido: OK
2026-08-31 18:02:04,496 - INFO -    Consistencia temporal - Trips con arrival < departure: OK
2026-08-31 18:02:04,522 - INFO -    Consistencia de peso - Trips excediendo capacidad: OK
2026-08-31 18:02:04,522 - INFO -    Entregas sin tracking number: OK
2026-08-31 18:02:04,523 - INFO - 
 Resumen guardado en generation_summary.json
2026-08-31 18:02:04,523 - INFO - 
 Conexión cerrada
2026-09-12 12:54:08,220 - ERROR -  Error al conectar: 'utf-8' codec can't decode byte 0xf3 in position 85: invalid continuation byte
2026-09-12 12:54:08,220 - INFO - 
 Conexión cerrada
2026-09-12 13:34:38,128 - ERROR -  Error al conectar: 'utf-8' codec can't decode byte 0xf3 in position 85: invalid continuation byte
2026-09-12 13:34:38,129 - INFO - 
 Conexión cerrada
2026-09-12 14:39:00,215 - ERROR -  Error al conectar: 'utf-8' codec can't decode byte 0xf3 in position 85: invalid continuation byte
2026-09-12 14:39:00,216 - INFO - 
 Conexión cerrada
